Archive member included to satisfy reference by file (symbol)

/Users/fabiohuwyler/Library/Application Support/Pebble SDK/SDKs/current/sdk-core/pebble/emery/lib/libpebble.a(tmp6fj2jormpebble.o)
                              src/c/main.c.18.o (app_event_loop)
/Users/fabiohuwyler/Library/Application Support/Pebble SDK/SDKs/4.17/toolchain/arm-none-eabi/bin/../lib/gcc/arm-none-eabi/14.2.1/../../../../arm-none-eabi/lib/thumb/v7-m/nofp/libc.a(libc_a-atexit.o)
                              /Users/fabiohuwyler/Library/Application Support/Pebble SDK/SDKs/4.17/toolchain/arm-none-eabi/bin/../lib/gcc/arm-none-eabi/14.2.1/../../../../arm-none-eabi/lib/thumb/v7-m/nofp/crt0.o (atexit)
/Users/fabiohuwyler/Library/Application Support/Pebble SDK/SDKs/4.17/toolchain/arm-none-eabi/bin/../lib/gcc/arm-none-eabi/14.2.1/../../../../arm-none-eabi/lib/thumb/v7-m/nofp/libc.a(libc_a-exit.o)
                              /Users/fabiohuwyler/Library/Application Support/Pebble SDK/SDKs/4.17/toolchain/arm-none-eabi/bin/../lib/gcc/arm-none-eabi/14.2.1/../../../../arm-none-eabi/lib/thumb/v7-m/nofp/crt0.o (exit)
/Users/fabiohuwyler/Library/Application Support/Pebble SDK/SDKs/4.17/toolchain/arm-none-eabi/bin/../lib/gcc/arm-none-eabi/14.2.1/../../../../arm-none-eabi/lib/thumb/v7-m/nofp/libc.a(libc_a-findfp.o)
                              /Users/fabiohuwyler/Library/Application Support/Pebble SDK/SDKs/4.17/toolchain/arm-none-eabi/bin/../lib/gcc/arm-none-eabi/14.2.1/../../../../arm-none-eabi/lib/thumb/v7-m/nofp/libc.a(libc_a-exit.o) (__stdio_exit_handler)
/Users/fabiohuwyler/Library/Application Support/Pebble SDK/SDKs/4.17/toolchain/arm-none-eabi/bin/../lib/gcc/arm-none-eabi/14.2.1/../../../../arm-none-eabi/lib/thumb/v7-m/nofp/libc.a(libc_a-impure.o)
                              /Users/fabiohuwyler/Library/Application Support/Pebble SDK/SDKs/4.17/toolchain/arm-none-eabi/bin/../lib/gcc/arm-none-eabi/14.2.1/../../../../arm-none-eabi/lib/thumb/v7-m/nofp/libc.a(libc_a-findfp.o) (_impure_data)
/Users/fabiohuwyler/Library/Application Support/Pebble SDK/SDKs/4.17/toolchain/arm-none-eabi/bin/../lib/gcc/arm-none-eabi/14.2.1/../../../../arm-none-eabi/lib/thumb/v7-m/nofp/libc.a(libc_a-init.o)
                              /Users/fabiohuwyler/Library/Application Support/Pebble SDK/SDKs/4.17/toolchain/arm-none-eabi/bin/../lib/gcc/arm-none-eabi/14.2.1/../../../../arm-none-eabi/lib/thumb/v7-m/nofp/crt0.o (__libc_init_array)
/Users/fabiohuwyler/Library/Application Support/Pebble SDK/SDKs/4.17/toolchain/arm-none-eabi/bin/../lib/gcc/arm-none-eabi/14.2.1/../../../../arm-none-eabi/lib/thumb/v7-m/nofp/libc.a(libc_a-fini.o)
                              /Users/fabiohuwyler/Library/Application Support/Pebble SDK/SDKs/4.17/toolchain/arm-none-eabi/bin/../lib/gcc/arm-none-eabi/14.2.1/../../../../arm-none-eabi/lib/thumb/v7-m/nofp/crt0.o (__libc_fini_array)
/Users/fabiohuwyler/Library/Application Support/Pebble SDK/SDKs/4.17/toolchain/arm-none-eabi/bin/../lib/gcc/arm-none-eabi/14.2.1/../../../../arm-none-eabi/lib/thumb/v7-m/nofp/libc.a(libc_a-lock.o)
                              /Users/fabiohuwyler/Library/Application Support/Pebble SDK/SDKs/4.17/toolchain/arm-none-eabi/bin/../lib/gcc/arm-none-eabi/14.2.1/../../../../arm-none-eabi/lib/thumb/v7-m/nofp/libc.a(libc_a-findfp.o) (__retarget_lock_init_recursive)
/Users/fabiohuwyler/Library/Application Support/Pebble SDK/SDKs/4.17/toolchain/arm-none-eabi/bin/../lib/gcc/arm-none-eabi/14.2.1/../../../../arm-none-eabi/lib/thumb/v7-m/nofp/libc.a(libc_a-__atexit.o)
                              /Users/fabiohuwyler/Library/Application Support/Pebble SDK/SDKs/4.17/toolchain/arm-none-eabi/bin/../lib/gcc/arm-none-eabi/14.2.1/../../../../arm-none-eabi/lib/thumb/v7-m/nofp/libc.a(libc_a-atexit.o) (__register_exitproc)
/Users/fabiohuwyler/Library/Application Support/Pebble SDK/SDKs/4.17/toolchain/arm-none-eabi/bin/../lib/gcc/arm-none-eabi/14.2.1/../../../../arm-none-eabi/lib/thumb/v7-m/nofp/libc.a(libc_a-__call_atexit.o)
                              /Users/fabiohuwyler/Library/Application Support/Pebble SDK/SDKs/4.17/toolchain/arm-none-eabi/bin/../lib/gcc/arm-none-eabi/14.2.1/../../../../arm-none-eabi/lib/thumb/v7-m/nofp/libc.a(libc_a-exit.o) (__call_exitprocs)
/Users/fabiohuwyler/Library/Application Support/Pebble SDK/SDKs/4.17/toolchain/arm-none-eabi/bin/../lib/gcc/arm-none-eabi/14.2.1/../../../../arm-none-eabi/lib/thumb/v7-m/nofp/libc.a(libc_a-mallocr.o)
                              /Users/fabiohuwyler/Library/Application Support/Pebble SDK/SDKs/4.17/toolchain/arm-none-eabi/bin/../lib/gcc/arm-none-eabi/14.2.1/../../../../arm-none-eabi/lib/thumb/v7-m/nofp/libc.a(libc_a-findfp.o) (_malloc_r)
/Users/fabiohuwyler/Library/Application Support/Pebble SDK/SDKs/4.17/toolchain/arm-none-eabi/bin/../lib/gcc/arm-none-eabi/14.2.1/../../../../arm-none-eabi/lib/thumb/v7-m/nofp/libc.a(libc_a-mlock.o)
[...]
Memory Configuration

Name             Origin             Length             Attributes
APP              0x00000000         0x00020000         xrw
*default*        0x00000000         0xffffffff

Linker script and memory map

LOAD /Users/fabiohuwyler/Library/Application Support/Pebble SDK/SDKs/4.17/toolchain/arm-none-eabi/bin/../lib/gcc/arm-none-eabi/14.2.1/thumb/v7-m/nofp/crti.o
LOAD /Users/fabiohuwyler/Library/Application Support/Pebble SDK/SDKs/4.17/toolchain/arm-none-eabi/bin/../lib/gcc/arm-none-eabi/14.2.1/thumb/v7-m/nofp/crtbegin.o
LOAD /Users/fabiohuwyler/Library/Application Support/Pebble SDK/SDKs/4.17/toolchain/arm-none-eabi/bin/../lib/gcc/arm-none-eabi/14.2.1/../../../../arm-none-eabi/lib/thumb/v7-m/nofp/crt0.o
LOAD src/c/animation.c.18.o
LOAD src/c/detail_view.c.18.o
LOAD src/c/main.c.18.o
LOAD src/c/sync.c.18.o
LOAD src/c/task_store.c.18.o
LOAD src/c/ui.c.18.o
LOAD emery/appinfo.auto.c.18.o
LOAD emery/src/resource_ids.auto.c.18.o
LOAD src/message_keys.auto.c.18.o
LOAD /Users/fabiohuwyler/Library/Application Support/Pebble SDK/SDKs/current/sdk-core/pebble/emery/lib/libpebble.a
START GROUP
LOAD /Users/fabiohuwyler/Library/Application Support/Pebble SDK/SDKs/4.17/toolchain/arm-none-eabi/bin/../lib/gcc/arm-none-eabi/14.2.1/thumb/v7-m/nofp/libgcc.a
LOAD /Users/fabiohuwyler/Library/Application Support/Pebble SDK/SDKs/4.17/toolchain/arm-none-eabi/bin/../lib/gcc/arm-none-eabi/14.2.1/../../../../arm-none-eabi/lib/thumb/v7-m/nofp/libc.a
END GROUP
LOAD /Users/fabiohuwyler/Library/Application Support/Pebble SDK/SDKs/4.17/toolchain/arm-none-eabi/bin/../lib/gcc/arm-none-eabi/14.2.1/thumb/v7-m/nofp/crtend.o
LOAD /Users/fabiohuwyler/Library/Application Support/Pebble SDK/SDKs/4.17/toolchain/arm-none-eabi/bin/../lib/gcc/arm-none-eabi/14.2.1/thumb/v7-m/nofp/crtn.o

.header         0x00000000       0x82
 *(.pbl_header)
 .pbl_header    0x00000000       0x82 emery/appinfo.auto.c.18.o
                0x00000000                __pbl_app_info

.note.gnu.build-id
                0x00000082       0x26
                [!provide]                        PROVIDE (BUILD_ID = .)
 *(.note.gnu.build-id)
 *fill*         0x00000082        0x2 
 .note.gnu.build-id
                0x00000084       0x24 linker stubs

.text           0x000000a8     0x1c2c
 *(.text)
 .text          0x000000a8       0x14 /Users/fabiohuwyler/Library/Application Support/Pebble SDK/SDKs/current/sdk-core/pebble/emery/lib/libpebble.a(tmp6fj2jormpebble.o)
 *(.text.*)
 .text.animation_tick
                0x000000bc       0xa0 src/c/animation.c.18.o
 .text.animation_init
                0x0000015c       0x38 src/c/animation.c.18.o
                0x0000015c                animation_init
 .text.animation_stop
                0x00000194       0x4c src/c/animation.c.18.o
                0x00000194                animation_stop
 .text.animation_start
                0x000001e0       0x64 src/c/animation.c.18.o
                0x000001e0                animation_start
 .text.animation_get_offset
                0x00000244        0xc src/c/animation.c.18.o
                0x00000244                animation_get_offset
 .text.details_window_unload
                0x00000250       0x7c src/c/detail_view.c.18.o
 .text.details_click_provider
                0x000002cc       0x34 src/c/detail_view.c.18.o
 .text.details_long_select_handler
                0x00000300       0x10 src/c/detail_view.c.18.o
 .text.details_header_update_proc
                0x00000310       0x74 src/c/detail_view.c.18.o
 .text.create_text_layer
                0x00000384       0x56 src/c/detail_view.c.18.o
 *fill*         0x000003da        0x2 
 .text.update_detail_layers
                0x000003dc       0xd4 src/c/detail_view.c.18.o
 .text.details_window_load
                0x000004b0      0x1d8 src/c/detail_view.c.18.o
 .text.detail_view_init
                0x00000688       0x38 src/c/detail_view.c.18.o
                0x00000688                detail_view_init
 .text.detail_view_deinit
                0x000006c0       0x18 src/c/detail_view.c.18.o
                0x000006c0                detail_view_deinit
 .text.detail_view_get_window
                0x000006d8        0xc src/c/detail_view.c.18.o
                0x000006d8                detail_view_get_window
 .text.detail_view_update
                0x000006e4       0x1c src/c/detail_view.c.18.o
                0x000006e4                detail_view_update
 .text.startup.main
                0x00000700       0x2e src/c/main.c.18.o
                0x00000700                main
 .text.outbox_sent_handler
                0x0000072e        0x2 src/c/sync.c.18.o
 .text.outbox_failed_handler
                0x00000730        0x2 src/c/sync.c.18.o
 .text.inbox_dropped_handler
                0x00000732        0x2 src/c/sync.c.18.o
 .text.inbox_received_handler
                0x00000734      0x174 src/c/sync.c.18.o
 .text.sync_init
                0x000008a8       0x40 src/c/sync.c.18.o
                0x000008a8                sync_init
 .text.sync_deinit
                0x000008e8        0x4 src/c/sync.c.18.o
                0x000008e8                sync_deinit
 .text.sync_request
                0x000008ec       0x34 src/c/sync.c.18.o
                0x000008ec                sync_request
 .text.copy_string
                0x00000920       0x1c src/c/task_store.c.18.o
 .text.task_store_clear
                0x0000093c       0x24 src/c/task_store.c.18.o
                0x0000093c                task_store_clear
 .text.task_store_init
                0x00000960        0x4 src/c/task_store.c.18.o
                0x00000960                task_store_init
 .text.task_store_deinit
                0x00000964        0x4 src/c/task_store.c.18.o
                0x00000964                task_store_deinit
 .text.task_store_count
                0x00000968        0xc src/c/task_store.c.18.o
                0x00000968                task_store_count
 .text.task_store_set_count
                0x00000974       0x18 src/c/task_store.c.18.o
                0x00000974                task_store_set_count
 .text.task_store_get
                0x0000098c       0x28 src/c/task_store.c.18.o
                0x0000098c                task_store_get
 .text.task_store_set_task_notes
                0x000009b4       0x20 src/c/task_store.c.18.o
                0x000009b4                task_store_set_task_notes
 .text.task_store_set_completed
                0x000009d4       0x28 src/c/task_store.c.18.o
                0x000009d4                task_store_set_completed
 .text.task_store_completed_count
                0x000009fc       0x2c src/c/task_store.c.18.o
                0x000009fc                task_store_completed_count
 .text.task_store_all_completed
                0x00000a28       0x20 src/c/task_store.c.18.o
                0x00000a28                task_store_all_completed
 .text.task_store_next_incomplete
                0x00000a48       0x44 src/c/task_store.c.18.o
                0x00000a48                task_store_next_incomplete
 .text.task_store_category_for_list
                0x00000a8c       0x80 src/c/task_store.c.18.o
                0x00000a8c                task_store_category_for_list
 .text.task_store_set_task
                0x00000b0c       0x70 src/c/task_store.c.18.o
                0x00000b0c                task_store_set_task
 .text.completion_window_unload
                0x00000b7c       0x18 src/c/ui.c.18.o
 .text.main_window_unload
                0x00000b94       0x18 src/c/ui.c.18.o
 .text.completion_window_load
                0x00000bac       0x50 src/c/ui.c.18.o
 .text.completion_layer_update_proc
                0x00000bfc      0x164 src/c/ui.c.18.o
 .text.main_window_load
                0x00000d60       0x64 src/c/ui.c.18.o
 .text.main_click_provider
                0x00000dc4       0x58 src/c/ui.c.18.o
 .text.update_time
                0x00000e1c       0x6c src/c/ui.c.18.o
 .text.tick_handler
                0x00000e88       0x1c src/c/ui.c.18.o
 .text.main_select_handler
                0x00000ea4       0x28 src/c/ui.c.18.o
 .text.show_next_task
                0x00000ecc       0x3c src/c/ui.c.18.o
 .text.main_down_handler
                0x00000f08        0x6 src/c/ui.c.18.o
 .text.main_up_handler
                0x00000f0e        0x8 src/c/ui.c.18.o
 *fill*         0x00000f16        0x2 
 .text.ui_category_color
                0x00000f18       0x34 src/c/ui.c.18.o
                0x00000f18                ui_category_color
 .text.ui_draw_category_icon
                0x00000f4c      0x290 src/c/ui.c.18.o
                0x00000f4c                ui_draw_category_icon
 .text.main_layer_update_proc
                0x000011dc      0x3ec src/c/ui.c.18.o
 .text.ui_init  0x000015c8       0x88 src/c/ui.c.18.o
                0x000015c8                ui_init
 .text.ui_deinit
                0x00001650       0x48 src/c/ui.c.18.o
                0x00001650                ui_deinit
 .text.ui_refresh
                0x00001698       0x14 src/c/ui.c.18.o
                0x00001698                ui_refresh
 .text.ui_complete_current_task
                0x000016ac       0x80 src/c/ui.c.18.o
                0x000016ac                ui_complete_current_task
 .text.main_long_select_handler
                0x0000172c        0x4 src/c/ui.c.18.o
 .text.close_completion
                0x00001730       0x30 src/c/ui.c.18.o
 .text.main_long_up_handler
                0x00001760       0x30 src/c/ui.c.18.o
 .text.ui_reset_to_first_incomplete
                0x00001790       0x38 src/c/ui.c.18.o
                0x00001790                ui_reset_to_first_incomplete
 .text.app_event_loop
                0x000017c8        0xc /Users/fabiohuwyler/Library/Application Support/Pebble SDK/SDKs/current/sdk-core/pebble/emery/lib/libpebble.a(tmp6fj2jormpebble.o)
                0x000017c8                app_event_loop
 .text.app_message_deregister_callbacks
                0x000017d4        0xc /Users/fabiohuwyler/Library/Application Support/Pebble SDK/SDKs/current/sdk-core/pebble/emery/lib/libpebble.a(tmp6fj2jormpebble.o)
                0x000017d4                app_message_deregister_callbacks
 .text.app_message_open
                0x000017e0        0xc /Users/fabiohuwyler/Library/Application Support/Pebble SDK/SDKs/current/sdk-core/pebble/emery/lib/libpebble.a(tmp6fj2jormpebble.o)
                0x000017e0                app_message_open
 .text.app_timer_cancel
                0x000017ec        0xc /Users/fabiohuwyler/Library/Application Support/Pebble SDK/SDKs/current/sdk-core/pebble/emery/lib/libpebble.a(tmp6fj2jormpebble.o)
                0x000017ec                app_timer_cancel
 .text.app_timer_register
                0x000017f8        0xc /Users/fabiohuwyler/Library/Application Support/Pebble SDK/SDKs/current/sdk-core/pebble/emery/lib/libpebble.a(tmp6fj2jormpebble.o)
                0x000017f8                app_timer_register
 .text.clock_is_24h_style
                0x00001804        0xc /Users/fabiohuwyler/Library/Application Support/Pebble SDK/SDKs/current/sdk-core/pebble/emery/lib/libpebble.a(tmp6fj2jormpebble.o)
                0x00001804                clock_is_24h_style
 .text.dict_find
                0x00001810        0xc /Users/fabiohuwyler/Library/Application Support/Pebble SDK/SDKs/current/sdk-core/pebble/emery/lib/libpebble.a(tmp6fj2jormpebble.o)
                0x00001810                dict_find
 .text.dict_write_end
                0x0000181c        0xc /Users/fabiohuwyler/Library/Application Support/Pebble SDK/SDKs/current/sdk-core/pebble/emery/lib/libpebble.a(tmp6fj2jormpebble.o)
                0x0000181c                dict_write_end
 .text.dict_write_int32
                0x00001828        0xc /Users/fabiohuwyler/Library/Application Support/Pebble SDK/SDKs/current/sdk-core/pebble/emery/lib/libpebble.a(tmp6fj2jormpebble.o)
                0x00001828                dict_write_int32
 .text.fonts_get_system_font
                0x00001834        0xc /Users/fabiohuwyler/Library/Application Support/Pebble SDK/SDKs/current/sdk-core/pebble/emery/lib/libpebble.a(tmp6fj2jormpebble.o)
                0x00001834                fonts_get_system_font
 .text.graphics_draw_circle
                0x00001840        0xc /Users/fabiohuwyler/Library/Application Support/Pebble SDK/SDKs/current/sdk-core/pebble/emery/lib/libpebble.a(tmp6fj2jormpebble.o)
                0x00001840                graphics_draw_circle
 .text.graphics_draw_line
                0x0000184c        0xc /Users/fabiohuwyler/Library/Application Support/Pebble SDK/SDKs/current/sdk-core/pebble/emery/lib/libpebble.a(tmp6fj2jormpebble.o)
                0x0000184c                graphics_draw_line
 .text.graphics_draw_rect
                0x00001858        0xc /Users/fabiohuwyler/Library/Application Support/Pebble SDK/SDKs/current/sdk-core/pebble/emery/lib/libpebble.a(tmp6fj2jormpebble.o)
                0x00001858                graphics_draw_rect
 .text.graphics_fill_circle
                0x00001864        0xc /Users/fabiohuwyler/Library/Application Support/Pebble SDK/SDKs/current/sdk-core/pebble/emery/lib/libpebble.a(tmp6fj2jormpebble.o)
                0x00001864                graphics_fill_circle
 .text.graphics_fill_rect
                0x00001870        0xc /Users/fabiohuwyler/Library/Application Support/Pebble SDK/SDKs/current/sdk-core/pebble/emery/lib/libpebble.a(tmp6fj2jormpebble.o)
                0x00001870                graphics_fill_rect
 .text.layer_add_child
                0x0000187c        0xc /Users/fabiohuwyler/Library/Application Support/Pebble SDK/SDKs/current/sdk-core/pebble/emery/lib/libpebble.a(tmp6fj2jormpebble.o)
                0x0000187c                layer_add_child
 .text.layer_create
                0x00001888        0xc /Users/fabiohuwyler/Library/Application Support/Pebble SDK/SDKs/current/sdk-core/pebble/emery/lib/libpebble.a(tmp6fj2jormpebble.o)
                0x00001888                layer_create
 .text.layer_destroy
                0x00001894        0xc /Users/fabiohuwyler/Library/Application Support/Pebble SDK/SDKs/current/sdk-core/pebble/emery/lib/libpebble.a(tmp6fj2jormpebble.o)
                0x00001894                layer_destroy
 .text.layer_get_bounds
                0x000018a0        0xc /Users/fabiohuwyler/Library/Application Support/Pebble SDK/SDKs/current/sdk-core/pebble/emery/lib/libpebble.a(tmp6fj2jormpebble.o)
                0x000018a0                layer_get_bounds
 .text.layer_mark_dirty
                0x000018ac        0xc /Users/fabiohuwyler/Library/Application Support/Pebble SDK/SDKs/current/sdk-core/pebble/emery/lib/libpebble.a(tmp6fj2jormpebble.o)
                0x000018ac                layer_mark_dirty
 .text.layer_set_update_proc
                0x000018b8        0xc /Users/fabiohuwyler/Library/Application Support/Pebble SDK/SDKs/current/sdk-core/pebble/emery/lib/libpebble.a(tmp6fj2jormpebble.o)
                0x000018b8                layer_set_update_proc
 .text.memmove  0x000018c4        0xc /Users/fabiohuwyler/Library/Application Support/Pebble SDK/SDKs/current/sdk-core/pebble/emery/lib/libpebble.a(tmp6fj2jormpebble.o)
                0x000018c4                memmove
 .text.memset   0x000018d0        0xc /Users/fabiohuwyler/Library/Application Support/Pebble SDK/SDKs/current/sdk-core/pebble/emery/lib/libpebble.a(tmp6fj2jormpebble.o)
                0x000018d0                memset
 .text.scroll_layer_add_child
                0x000018dc        0xc /Users/fabiohuwyler/Library/Application Support/Pebble SDK/SDKs/current/sdk-core/pebble/emery/lib/libpebble.a(tmp6fj2jormpebble.o)
                0x000018dc                scroll_layer_add_child
 .text.scroll_layer_create
                0x000018e8        0xc /Users/fabiohuwyler/Library/Application Support/Pebble SDK/SDKs/current/sdk-core/pebble/emery/lib/libpebble.a(tmp6fj2jormpebble.o)
                0x000018e8                scroll_layer_create
 .text.scroll_layer_destroy
                0x000018f4        0xc /Users/fabiohuwyler/Library/Application Support/Pebble SDK/SDKs/current/sdk-core/pebble/emery/lib/libpebble.a(tmp6fj2jormpebble.o)
                0x000018f4                scroll_layer_destroy
 .text.scroll_layer_get_layer
                0x00001900        0xc /Users/fabiohuwyler/Library/Application Support/Pebble SDK/SDKs/current/sdk-core/pebble/emery/lib/libpebble.a(tmp6fj2jormpebble.o)
                0x00001900                scroll_layer_get_layer
 .text.scroll_layer_set_click_config_onto_window
                0x0000190c        0xc /Users/fabiohuwyler/Library/Application Support/Pebble SDK/SDKs/current/sdk-core/pebble/emery/lib/libpebble.a(tmp6fj2jormpebble.o)
                0x0000190c                scroll_layer_set_click_config_onto_window
 .text.scroll_layer_set_content_offset
                0x00001918        0xc /Users/fabiohuwyler/Library/Application Support/Pebble SDK/SDKs/current/sdk-core/pebble/emery/lib/libpebble.a(tmp6fj2jormpebble.o)
                0x00001918                scroll_layer_set_content_offset
 .text.scroll_layer_set_content_size
                0x00001924        0xc /Users/fabiohuwyler/Library/Application Support/Pebble SDK/SDKs/current/sdk-core/pebble/emery/lib/libpebble.a(tmp6fj2jormpebble.o)
                0x00001924                scroll_layer_set_content_size
 .text.scroll_layer_set_shadow_hidden
                0x00001930        0xc /Users/fabiohuwyler/Library/Application Support/Pebble SDK/SDKs/current/sdk-core/pebble/emery/lib/libpebble.a(tmp6fj2jormpebble.o)
                0x00001930                scroll_layer_set_shadow_hidden
 .text.snprintf
                0x0000193c        0xc /Users/fabiohuwyler/Library/Application Support/Pebble SDK/SDKs/current/sdk-core/pebble/emery/lib/libpebble.a(tmp6fj2jormpebble.o)
                0x0000193c                snprintf
 .text.strcmp   0x00001948        0xc /Users/fabiohuwyler/Library/Application Support/Pebble SDK/SDKs/current/sdk-core/pebble/emery/lib/libpebble.a(tmp6fj2jormpebble.o)
                0x00001948                strcmp
 .text.strftime
                0x00001954        0xc /Users/fabiohuwyler/Library/Application Support/Pebble SDK/SDKs/current/sdk-core/pebble/emery/lib/libpebble.a(tmp6fj2jormpebble.o)
                0x00001954                strftime
 .text.strlen   0x00001960        0xc /Users/fabiohuwyler/Library/Application Support/Pebble SDK/SDKs/current/sdk-core/pebble/emery/lib/libpebble.a(tmp6fj2jormpebble.o)
                0x00001960                strlen
 .text.strncpy  0x0000196c        0xc /Users/fabiohuwyler/Library/Application Support/Pebble SDK/SDKs/current/sdk-core/pebble/emery/lib/libpebble.a(tmp6fj2jormpebble.o)
                0x0000196c                strncpy
 .text.tick_timer_service_subscribe
                0x00001978        0xc /Users/fabiohuwyler/Library/Application Support/Pebble SDK/SDKs/current/sdk-core/pebble/emery/lib/libpebble.a(tmp6fj2jormpebble.o)
                0x00001978                tick_timer_service_subscribe
 .text.tick_timer_service_unsubscribe
                0x00001984        0xc /Users/fabiohuwyler/Library/Application Support/Pebble SDK/SDKs/current/sdk-core/pebble/emery/lib/libpebble.a(tmp6fj2jormpebble.o)
                0x00001984                tick_timer_service_unsubscribe
 .text.vibes_double_pulse
                0x00001990        0xc /Users/fabiohuwyler/Library/Application Support/Pebble SDK/SDKs/current/sdk-core/pebble/emery/lib/libpebble.a(tmp6fj2jormpebble.o)
                0x00001990                vibes_double_pulse
 .text.vibes_short_pulse
                0x0000199c        0xc /Users/fabiohuwyler/Library/Application Support/Pebble SDK/SDKs/current/sdk-core/pebble/emery/lib/libpebble.a(tmp6fj2jormpebble.o)
                0x0000199c                vibes_short_pulse
 .text.window_create
                0x000019a8        0xc /Users/fabiohuwyler/Library/Application Support/Pebble SDK/SDKs/current/sdk-core/pebble/emery/lib/libpebble.a(tmp6fj2jormpebble.o)
                0x000019a8                window_create
 .text.window_destroy
                0x000019b4        0xc /Users/fabiohuwyler/Library/Application Support/Pebble SDK/SDKs/current/sdk-core/pebble/emery/lib/libpebble.a(tmp6fj2jormpebble.o)
                0x000019b4                window_destroy
 .text.window_get_root_layer
                0x000019c0        0xc /Users/fabiohuwyler/Library/Application Support/Pebble SDK/SDKs/current/sdk-core/pebble/emery/lib/libpebble.a(tmp6fj2jormpebble.o)
                0x000019c0                window_get_root_layer
 .text.window_set_click_config_provider
                0x000019cc        0xc /Users/fabiohuwyler/Library/Application Support/Pebble SDK/SDKs/current/sdk-core/pebble/emery/lib/libpebble.a(tmp6fj2jormpebble.o)
                0x000019cc                window_set_click_config_provider
 .text.window_set_window_handlers
                0x000019d8        0xc /Users/fabiohuwyler/Library/Application Support/Pebble SDK/SDKs/current/sdk-core/pebble/emery/lib/libpebble.a(tmp6fj2jormpebble.o)
                0x000019d8                window_set_window_handlers
 .text.window_stack_contains_window
                0x000019e4        0xc /Users/fabiohuwyler/Library/Application Support/Pebble SDK/SDKs/current/sdk-core/pebble/emery/lib/libpebble.a(tmp6fj2jormpebble.o)
                0x000019e4                window_stack_contains_window
 .text.window_stack_pop
                0x000019f0        0xc /Users/fabiohuwyler/Library/Application Support/Pebble SDK/SDKs/current/sdk-core/pebble/emery/lib/libpebble.a(tmp6fj2jormpebble.o)
                0x000019f0                window_stack_pop
 .text.window_stack_push
                0x000019fc        0xc /Users/fabiohuwyler/Library/Application Support/Pebble SDK/SDKs/current/sdk-core/pebble/emery/lib/libpebble.a(tmp6fj2jormpebble.o)
                0x000019fc                window_stack_push
 .text.window_stack_remove
                0x00001a08        0xc /Users/fabiohuwyler/Library/Application Support/Pebble SDK/SDKs/current/sdk-core/pebble/emery/lib/libpebble.a(tmp6fj2jormpebble.o)
                0x00001a08                window_stack_remove
 .text.app_message_outbox_begin
                0x00001a14        0xc /Users/fabiohuwyler/Library/Application Support/Pebble SDK/SDKs/current/sdk-core/pebble/emery/lib/libpebble.a(tmp6fj2jormpebble.o)
                0x00001a14                app_message_outbox_begin
 .text.app_message_outbox_send
                0x00001a20        0xc /Users/fabiohuwyler/Library/Application Support/Pebble SDK/SDKs/current/sdk-core/pebble/emery/lib/libpebble.a(tmp6fj2jormpebble.o)
                0x00001a20                app_message_outbox_send
 .text.app_message_register_inbox_dropped
                0x00001a2c        0xc /Users/fabiohuwyler/Library/Application Support/Pebble SDK/SDKs/current/sdk-core/pebble/emery/lib/libpebble.a(tmp6fj2jormpebble.o)
                0x00001a2c                app_message_register_inbox_dropped
 .text.app_message_register_inbox_received
                0x00001a38        0xc /Users/fabiohuwyler/Library/Application Support/Pebble SDK/SDKs/current/sdk-core/pebble/emery/lib/libpebble.a(tmp6fj2jormpebble.o)
                0x00001a38                app_message_register_inbox_received
 .text.app_message_register_outbox_failed
                0x00001a44        0xc /Users/fabiohuwyler/Library/Application Support/Pebble SDK/SDKs/current/sdk-core/pebble/emery/lib/libpebble.a(tmp6fj2jormpebble.o)
                0x00001a44                app_message_register_outbox_failed
 .text.app_message_register_outbox_sent
                0x00001a50        0xc /Users/fabiohuwyler/Library/Application Support/Pebble SDK/SDKs/current/sdk-core/pebble/emery/lib/libpebble.a(tmp6fj2jormpebble.o)
                0x00001a50                app_message_register_outbox_sent
 .text.window_long_click_subscribe
                0x00001a5c        0xc /Users/fabiohuwyler/Library/Application Support/Pebble SDK/SDKs/current/sdk-core/pebble/emery/lib/libpebble.a(tmp6fj2jormpebble.o)
                0x00001a5c                window_long_click_subscribe
 .text.window_single_click_subscribe
                0x00001a68        0xc /Users/fabiohuwyler/Library/Application Support/Pebble SDK/SDKs/current/sdk-core/pebble/emery/lib/libpebble.a(tmp6fj2jormpebble.o)
                0x00001a68                window_single_click_subscribe
 .text.graphics_draw_text
                0x00001a74        0xc /Users/fabiohuwyler/Library/Application Support/Pebble SDK/SDKs/current/sdk-core/pebble/emery/lib/libpebble.a(tmp6fj2jormpebble.o)
                0x00001a74                graphics_draw_text
 .text.graphics_context_set_fill_color
                0x00001a80        0xc /Users/fabiohuwyler/Library/Application Support/Pebble SDK/SDKs/current/sdk-core/pebble/emery/lib/libpebble.a(tmp6fj2jormpebble.o)
                0x00001a80                graphics_context_set_fill_color
 .text.graphics_context_set_stroke_color
                0x00001a8c        0xc /Users/fabiohuwyler/Library/Application Support/Pebble SDK/SDKs/current/sdk-core/pebble/emery/lib/libpebble.a(tmp6fj2jormpebble.o)
                0x00001a8c                graphics_context_set_stroke_color
 .text.graphics_context_set_text_color
                0x00001a98        0xc /Users/fabiohuwyler/Library/Application Support/Pebble SDK/SDKs/current/sdk-core/pebble/emery/lib/libpebble.a(tmp6fj2jormpebble.o)
                0x00001a98                graphics_context_set_text_color
 .text.window_set_background_color
                0x00001aa4        0xc /Users/fabiohuwyler/Library/Application Support/Pebble SDK/SDKs/current/sdk-core/pebble/emery/lib/libpebble.a(tmp6fj2jormpebble.o)
                0x00001aa4                window_set_background_color
 .text.localtime
                0x00001ab0        0xc /Users/fabiohuwyler/Library/Application Support/Pebble SDK/SDKs/current/sdk-core/pebble/emery/lib/libpebble.a(tmp6fj2jormpebble.o)
                0x00001ab0                localtime
 .text.graphics_context_set_stroke_width
                0x00001abc        0xc /Users/fabiohuwyler/Library/Application Support/Pebble SDK/SDKs/current/sdk-core/pebble/emery/lib/libpebble.a(tmp6fj2jormpebble.o)
                0x00001abc                graphics_context_set_stroke_width
 .text.text_layer_create
                0x00001ac8        0xc /Users/fabiohuwyler/Library/Application Support/Pebble SDK/SDKs/current/sdk-core/pebble/emery/lib/libpebble.a(tmp6fj2jormpebble.o)
                0x00001ac8                text_layer_create
 .text.text_layer_destroy
                0x00001ad4        0xc /Users/fabiohuwyler/Library/Application Support/Pebble SDK/SDKs/current/sdk-core/pebble/emery/lib/libpebble.a(tmp6fj2jormpebble.o)
                0x00001ad4                text_layer_destroy
 .text.text_layer_get_layer
                0x00001ae0        0xc /Users/fabiohuwyler/Library/Application Support/Pebble SDK/SDKs/current/sdk-core/pebble/emery/lib/libpebble.a(tmp6fj2jormpebble.o)
                0x00001ae0                text_layer_get_layer
 .text.text_layer_set_background_color
                0x00001aec        0xc /Users/fabiohuwyler/Library/Application Support/Pebble SDK/SDKs/current/sdk-core/pebble/emery/lib/libpebble.a(tmp6fj2jormpebble.o)
                0x00001aec                text_layer_set_background_color
 .text.text_layer_set_font
                0x00001af8        0xc /Users/fabiohuwyler/Library/Application Support/Pebble SDK/SDKs/current/sdk-core/pebble/emery/lib/libpebble.a(tmp6fj2jormpebble.o)
                0x00001af8                text_layer_set_font
 .text.text_layer_set_overflow_mode
                0x00001b04        0xc /Users/fabiohuwyler/Library/Application Support/Pebble SDK/SDKs/current/sdk-core/pebble/emery/lib/libpebble.a(tmp6fj2jormpebble.o)
                0x00001b04                text_layer_set_overflow_mode
 .text.text_layer_set_text
                0x00001b10        0xc /Users/fabiohuwyler/Library/Application Support/Pebble SDK/SDKs/current/sdk-core/pebble/emery/lib/libpebble.a(tmp6fj2jormpebble.o)
                0x00001b10                text_layer_set_text
 .text.text_layer_set_text_alignment
                0x00001b1c        0xc /Users/fabiohuwyler/Library/Application Support/Pebble SDK/SDKs/current/sdk-core/pebble/emery/lib/libpebble.a(tmp6fj2jormpebble.o)
                0x00001b1c                text_layer_set_text_alignment
 .text.text_layer_set_text_color
                0x00001b28        0xc /Users/fabiohuwyler/Library/Application Support/Pebble SDK/SDKs/current/sdk-core/pebble/emery/lib/libpebble.a(tmp6fj2jormpebble.o)
                0x00001b28                text_layer_set_text_color
 .text.time     0x00001b34        0xc /Users/fabiohuwyler/Library/Application Support/Pebble SDK/SDKs/current/sdk-core/pebble/emery/lib/libpebble.a(tmp6fj2jormpebble.o)
                0x00001b34                time
 .text.graphics_draw_arc
                0x00001b40        0xc /Users/fabiohuwyler/Library/Application Support/Pebble SDK/SDKs/current/sdk-core/pebble/emery/lib/libpebble.a(tmp6fj2jormpebble.o)
                0x00001b40                graphics_draw_arc
 *(.rodata)
 .rodata        0x00001b4c        0x3 src/c/detail_view.c.18.o
 .rodata        0x00001b4f        0x7 src/c/ui.c.18.o
 *(.rodata*)
 .rodata.update_detail_layers.str1.1
                0x00001b56      0x17e src/c/detail_view.c.18.o
                                 0x1e (size before relaxing)
 .rodata.details_window_load.str1.1
                0x00001cd4       0x62 src/c/detail_view.c.18.o
 .rodata.task_store_category_for_list.str1.1
                0x00001cd4       0x32 src/c/task_store.c.18.o
 .rodata.completion_layer_update_proc.str1.1
                0x00001cd4       0x66 src/c/ui.c.18.o
 .rodata.update_time.str1.1
                0x00001cd4        0xc src/c/ui.c.18.o
 .rodata.main_layer_update_proc.str1.1
                0x00001cd4       0xbc src/c/ui.c.18.o

.glue_7         0x00001cd4        0x0
 .glue_7        0x00001cd4        0x0 linker stubs

.glue_7t        0x00001cd4        0x0
 .glue_7t       0x00001cd4        0x0 linker stubs

.vfp11_veneer   0x00001cd4        0x0
 .vfp11_veneer  0x00001cd4        0x0 linker stubs

.v4_bx          0x00001cd4        0x0
 .v4_bx         0x00001cd4        0x0 linker stubs

.init           0x00001cd4        0x4
 .init          0x00001cd4        0x4 /Users/fabiohuwyler/Library/Application Support/Pebble SDK/SDKs/4.17/toolchain/arm-none-eabi/bin/../lib/gcc/arm-none-eabi/14.2.1/thumb/v7-m/nofp/crti.o
                0x00001cd4                _init

.fini           0x00001cd8        0x4
 .fini          0x00001cd8        0x4 /Users/fabiohuwyler/Library/Application Support/Pebble SDK/SDKs/4.17/toolchain/arm-none-eabi/bin/../lib/gcc/arm-none-eabi/14.2.1/thumb/v7-m/nofp/crti.o
                0x00001cd8                _fini

.iplt           0x00001cdc        0x0
 .iplt          0x00001cdc        0x0 src/c/animation.c.18.o

.rel.dyn        0x00001cdc        0x0
 .rel.iplt      0x00001cdc        0x0 src/c/animation.c.18.o
 .rel.got       0x00001cdc        0x0 src/c/animation.c.18.o

.data           0x00001cdc       0x2c
 *(.data)
 .data          0x00001cdc        0x0 /Users/fabiohuwyler/Library/Application Support/Pebble SDK/SDKs/4.17/toolchain/arm-none-eabi/bin/../lib/gcc/arm-none-eabi/14.2.1/thumb/v7-m/nofp/crti.o
 .data          0x00001cdc        0x0 /Users/fabiohuwyler/Library/Application Support/Pebble SDK/SDKs/4.17/toolchain/arm-none-eabi/bin/../lib/gcc/arm-none-eabi/14.2.1/thumb/v7-m/nofp/crtbegin.o
 .data          0x00001cdc        0x0 /Users/fabiohuwyler/Library/Application Support/Pebble SDK/SDKs/4.17/toolchain/arm-none-eabi/bin/../lib/gcc/arm-none-eabi/14.2.1/../../../../arm-none-eabi/lib/thumb/v7-m/nofp/crt0.o
 .data          0x00001cdc        0x0 src/c/animation.c.18.o
 .data          0x00001cdc        0x0 src/c/detail_view.c.18.o
 .data          0x00001cdc        0x0 src/c/main.c.18.o
 .data          0x00001cdc        0x0 src/c/sync.c.18.o
 .data          0x00001cdc        0x0 src/c/task_store.c.18.o
 .data          0x00001cdc        0x0 src/c/ui.c.18.o
 .data          0x00001cdc        0x0 emery/appinfo.auto.c.18.o
 .data          0x00001cdc        0x0 emery/src/resource_ids.auto.c.18.o
 .data          0x00001cdc        0x0 src/message_keys.auto.c.18.o
 .data          0x00001cdc        0x0 /Users/fabiohuwyler/Library/Application Support/Pebble SDK/SDKs/current/sdk-core/pebble/emery/lib/libpebble.a(tmp6fj2jormpebble.o)
 .data          0x00001cdc        0x0 /Users/fabiohuwyler/Library/Application Support/Pebble SDK/SDKs/4.17/toolchain/arm-none-eabi/bin/../lib/gcc/arm-none-eabi/14.2.1/../../../../arm-none-eabi/lib/thumb/v7-m/nofp/libc.a(libc_a-atexit.o)
 .data          0x00001cdc        0x0 /Users/fabiohuwyler/Library/Application Support/Pebble SDK/SDKs/4.17/toolchain/arm-none-eabi/bin/../lib/gcc/arm-none-eabi/14.2.1/../../../../arm-none-eabi/lib/thumb/v7-m/nofp/libc.a(libc_a-exit.o)
 .data          0x00001cdc        0x0 /Users/fabiohuwyler/Library/Application Support/Pebble SDK/SDKs/4.17/toolchain/arm-none-eabi/bin/../lib/gcc/arm-none-eabi/14.2.1/../../../../arm-none-eabi/lib/thumb/v7-m/nofp/libc.a(libc_a-findfp.o)
 .data          0x00001cdc        0x0 /Users/fabiohuwyler/Library/Application Support/Pebble SDK/SDKs/4.17/toolchain/arm-none-eabi/bin/../lib/gcc/arm-none-eabi/14.2.1/../../../../arm-none-eabi/lib/thumb/v7-m/nofp/libc.a(libc_a-impure.o)
 .data          0x00001cdc        0x0 /Users/fabiohuwyler/Library/Application Support/Pebble SDK/SDKs/4.17/toolchain/arm-none-eabi/bin/../lib/gcc/arm-none-eabi/14.2.1/../../../../arm-none-eabi/lib/thumb/v7-m/nofp/libc.a(libc_a-init.o)
 .data          0x00001cdc        0x0 /Users/fabiohuwyler/Library/Application Support/Pebble SDK/SDKs/4.17/toolchain/arm-none-eabi/bin/../lib/gcc/arm-none-eabi/14.2.1/../../../../arm-none-eabi/lib/thumb/v7-m/nofp/libc.a(libc_a-fini.o)
 .data          0x00001cdc        0x0 /Users/fabiohuwyler/Library/Application Support/Pebble SDK/SDKs/4.17/toolchain/arm-none-eabi/bin/../lib/gcc/arm-none-eabi/14.2.1/../../../../arm-none-eabi/lib/thumb/v7-m/nofp/libc.a(libc_a-lock.o)
 .data          0x00001cdc        0x0 /Users/fabiohuwyler/Library/Application Support/Pebble SDK/SDKs/4.17/toolchain/arm-none-eabi/bin/../lib/gcc/arm-none-eabi/14.2.1/../../../../arm-none-eabi/lib/thumb/v7-m/nofp/libc.a(libc_a-__atexit.o)
 .data          0x00001cdc        0x0 /Users/fabiohuwyler/Library/Application Support/Pebble SDK/SDKs/4.17/toolchain/arm-none-eabi/bin/../lib/gcc/arm-none-eabi/14.2.1/../../../../arm-none-eabi/lib/thumb/v7-m/nofp/libc.a(libc_a-__call_atexit.o)
 .data          0x00001cdc        0x0 /Users/fabiohuwyler/Library/Application Support/Pebble SDK/SDKs/4.17/toolchain/arm-none-eabi/bin/../lib/gcc/arm-none-eabi/14.2.1/../../../../arm-none-eabi/lib/thumb/v7-m/nofp/libc.a(libc_a-mallocr.o)
 .data          0x00001cdc        0x0 /Users/fabiohuwyler/Library/Application Support/Pebble SDK/SDKs/4.17/toolchain/arm-none-eabi/bin/../lib/gcc/arm-none-eabi/14.2.1/../../../../arm-none-eabi/lib/thumb/v7-m/nofp/libc.a(libc_a-mlock.o)
 .data          0x00001cdc        0x0 /Users/fabiohuwyler/Library/Application Support/Pebble SDK/SDKs/4.17/toolchain/arm-none-eabi/bin/../lib/gcc/arm-none-eabi/14.2.1/../../../../arm-none-eabi/lib/thumb/v7-m/nofp/libc.a(libc_a-fwalk.o)
 .data          0x00001cdc        0x0 /Users/fabiohuwyler/Library/Application Support/Pebble SDK/SDKs/4.17/toolchain/arm-none-eabi/bin/../lib/gcc/arm-none-eabi/14.2.1/../../../../arm-none-eabi/lib/thumb/v7-m/nofp/libc.a(libc_a-fclose.o)
 .data          0x00001cdc        0x0 /Users/fabiohuwyler/Library/Application Support/Pebble SDK/SDKs/4.17/toolchain/arm-none-eabi/bin/../lib/gcc/arm-none-eabi/14.2.1/../../../../arm-none-eabi/lib/thumb/v7-m/nofp/libc.a(libc_a-fflush.o)
 .data          0x00001cdc        0x0 /Users/fabiohuwyler/Library/Application Support/Pebble SDK/SDKs/4.17/toolchain/arm-none-eabi/bin/../lib/gcc/arm-none-eabi/14.2.1/../../../../arm-none-eabi/lib/thumb/v7-m/nofp/libc.a(libc_a-stdio.o)
 .data          0x00001cdc        0x0 /Users/fabiohuwyler/Library/Application Support/Pebble SDK/SDKs/4.17/toolchain/arm-none-eabi/bin/../lib/gcc/arm-none-eabi/14.2.1/../../../../arm-none-eabi/lib/thumb/v7-m/nofp/libc.a(libc_a-closer.o)
 .data          0x00001cdc        0x0 /Users/fabiohuwyler/Library/Application Support/Pebble SDK/SDKs/4.17/toolchain/arm-none-eabi/bin/../lib/gcc/arm-none-eabi/14.2.1/../../../../arm-none-eabi/lib/thumb/v7-m/nofp/libc.a(libc_a-reent.o)
 .data          0x00001cdc        0x0 /Users/fabiohuwyler/Library/Application Support/Pebble SDK/SDKs/4.17/toolchain/arm-none-eabi/bin/../lib/gcc/arm-none-eabi/14.2.1/../../../../arm-none-eabi/lib/thumb/v7-m/nofp/libc.a(libc_a-lseekr.o)
 .data          0x00001cdc        0x0 /Users/fabiohuwyler/Library/Application Support/Pebble SDK/SDKs/4.17/toolchain/arm-none-eabi/bin/../lib/gcc/arm-none-eabi/14.2.1/../../../../arm-none-eabi/lib/thumb/v7-m/nofp/libc.a(libc_a-readr.o)
 .data          0x00001cdc        0x0 /Users/fabiohuwyler/Library/Application Support/Pebble SDK/SDKs/4.17/toolchain/arm-none-eabi/bin/../lib/gcc/arm-none-eabi/14.2.1/../../../../arm-none-eabi/lib/thumb/v7-m/nofp/libc.a(libc_a-sbrkr.o)
 .data          0x00001cdc        0x0 /Users/fabiohuwyler/Library/Application Support/Pebble SDK/SDKs/4.17/toolchain/arm-none-eabi/bin/../lib/gcc/arm-none-eabi/14.2.1/../../../../arm-none-eabi/lib/thumb/v7-m/nofp/libc.a(libc_a-writer.o)
 .data          0x00001cdc        0x0 /Users/fabiohuwyler/Library/Application Support/Pebble SDK/SDKs/4.17/toolchain/arm-none-eabi/bin/../lib/gcc/arm-none-eabi/14.2.1/../../../../arm-none-eabi/lib/thumb/v7-m/nofp/libc.a(libc_a-sysconf.o)
 .data          0x00001cdc        0x0 /Users/fabiohuwyler/Library/Application Support/Pebble SDK/SDKs/4.17/toolchain/arm-none-eabi/bin/../lib/gcc/arm-none-eabi/14.2.1/../../../../arm-none-eabi/lib/thumb/v7-m/nofp/libc.a(libc_a-freer.o)
 .data          0x00001cdc        0x0 /Users/fabiohuwyler/Library/Application Support/Pebble SDK/SDKs/4.17/toolchain/arm-none-eabi/bin/../lib/gcc/arm-none-eabi/14.2.1/../../../../arm-none-eabi/lib/thumb/v7-m/nofp/libc.a(libc_a-errno.o)
 .data          0x00001cdc        0x0 /Users/fabiohuwyler/Library/Application Support/Pebble SDK/SDKs/4.17/toolchain/arm-none-eabi/bin/../lib/gcc/arm-none-eabi/14.2.1/thumb/v7-m/nofp/crtend.o
 .data          0x00001cdc        0x0 /Users/fabiohuwyler/Library/Application Support/Pebble SDK/SDKs/4.17/toolchain/arm-none-eabi/bin/../lib/gcc/arm-none-eabi/14.2.1/thumb/v7-m/nofp/crtn.o
 *(.data.*)
 .data.MESSAGE_KEY_TASK_TITLE
                0x00001cdc        0x4 src/message_keys.auto.c.18.o
                0x00001cdc                MESSAGE_KEY_TASK_TITLE
 .data.MESSAGE_KEY_TASK_OVERDUE
                0x00001ce0        0x4 src/message_keys.auto.c.18.o
                0x00001ce0                MESSAGE_KEY_TASK_OVERDUE
 .data.MESSAGE_KEY_TASK_NOTES
                0x00001ce4        0x4 src/message_keys.auto.c.18.o
                0x00001ce4                MESSAGE_KEY_TASK_NOTES
 .data.MESSAGE_KEY_TASK_LIST
                0x00001ce8        0x4 src/message_keys.auto.c.18.o
                0x00001ce8                MESSAGE_KEY_TASK_LIST
 .data.MESSAGE_KEY_TASK_INDEX
                0x00001cec        0x4 src/message_keys.auto.c.18.o
                0x00001cec                MESSAGE_KEY_TASK_INDEX
 .data.MESSAGE_KEY_TASK_ID
                0x00001cf0        0x4 src/message_keys.auto.c.18.o
                0x00001cf0                MESSAGE_KEY_TASK_ID
 .data.MESSAGE_KEY_TASK_DUE
                0x00001cf4        0x4 src/message_keys.auto.c.18.o
                0x00001cf4                MESSAGE_KEY_TASK_DUE
 .data.MESSAGE_KEY_TASK_COUNT
                0x00001cf8        0x4 src/message_keys.auto.c.18.o
                0x00001cf8                MESSAGE_KEY_TASK_COUNT
 .data.MESSAGE_KEY_TASK_COMPLETED
                0x00001cfc        0x4 src/message_keys.auto.c.18.o
                0x00001cfc                MESSAGE_KEY_TASK_COMPLETED
 .data.MESSAGE_KEY_REQUEST_TASK
                0x00001d00        0x4 src/message_keys.auto.c.18.o
                0x00001d00                MESSAGE_KEY_REQUEST_TASK
 .data.MESSAGE_KEY_MESSAGE_TYPE
                0x00001d04        0x4 src/message_keys.auto.c.18.o
                0x00001d04                MESSAGE_KEY_MESSAGE_TYPE

.igot.plt       0x00001d08        0x0
 .igot.plt      0x00001d08        0x0 src/c/animation.c.18.o

.got            0x00001d08       0x2c
 .got           0x00001d08       0x2c src/c/animation.c.18.o

.got.plt        0x00001d34        0xc
 .got.plt       0x00001d34        0xc src/c/animation.c.18.o
                0x00001d34                _GLOBAL_OFFSET_TABLE_

.bss            0x00001d40     0x2934
 *(.bss)
 *(.bss.*)
 .bss.s_offset  0x00001d40        0x4 src/c/animation.c.18.o
 .bss.s_direction
                0x00001d44        0x4 src/c/animation.c.18.o
 .bss.s_step    0x00001d48        0x4 src/c/animation.c.18.o
 .bss.s_timer   0x00001d4c        0x4 src/c/animation.c.18.o
 .bss.s_main_layer
                0x00001d50        0x4 src/c/animation.c.18.o
 .bss.meta.0    0x00001d54       0x50 src/c/detail_view.c.18.o
 .bss.s_current_detail_index
                0x00001da4        0x4 src/c/detail_view.c.18.o
 .bss.s_details_hint_layer
                0x00001da8        0x4 src/c/detail_view.c.18.o
 .bss.s_details_notes_layer
                0x00001dac        0x4 src/c/detail_view.c.18.o
 .bss.s_details_meta_layer
                0x00001db0        0x4 src/c/detail_view.c.18.o
 .bss.s_details_title_layer
                0x00001db4        0x4 src/c/detail_view.c.18.o
 .bss.s_details_header_layer
                0x00001db8        0x4 src/c/detail_view.c.18.o
 .bss.s_details_scroll
                0x00001dbc        0x4 src/c/detail_view.c.18.o
 .bss.s_details_window
                0x00001dc0        0x4 src/c/detail_view.c.18.o
 .bss.s_count   0x00001dc4        0x4 src/c/task_store.c.18.o
 .bss.s_tasks   0x00001dc8     0x2880 src/c/task_store.c.18.o
 .bss.s_focus_locked
                0x00004648        0x1 src/c/ui.c.18.o
 *fill*         0x00004649        0x3 
 .bss.s_current_index
                0x0000464c        0x4 src/c/ui.c.18.o
 .bss.s_time_buffer
                0x00004650       0x10 src/c/ui.c.18.o
 .bss.s_completion_timer
                0x00004660        0x4 src/c/ui.c.18.o
 .bss.s_completion_layer
                0x00004664        0x4 src/c/ui.c.18.o
 .bss.s_main_layer
                0x00004668        0x4 src/c/ui.c.18.o
 .bss.s_completion_window
                0x0000466c        0x4 src/c/ui.c.18.o
 .bss.s_main_window
                0x00004670        0x4 src/c/ui.c.18.o

DISCARD
 libc.a(*)
 libm.a(*)
 libgcc.a(*)
 *(.eh_frame)
OUTPUT(/Users/fabiohuwyler/Downloads/focuslist/build/emery/pebble-app.elf elf32-littlearm)
LOAD linker stubs
LOAD /Users/fabiohuwyler/Library/Application Support/Pebble SDK/SDKs/4.17/toolchain/arm-none-eabi/bin/../lib/gcc/arm-none-eabi/14.2.1/../../../../arm-none-eabi/lib/thumb/v7-m/nofp/libc.a
LOAD /Users/fabiohuwyler/Library/Application Support/Pebble SDK/SDKs/4.17/toolchain/arm-none-eabi/bin/../lib/gcc/arm-none-eabi/14.2.1/../../../../arm-none-eabi/lib/thumb/v7-m/nofp/libm.a
LOAD /Users/fabiohuwyler/Library/Application Support/Pebble SDK/SDKs/4.17/toolchain/arm-none-eabi/bin/../lib/gcc/arm-none-eabi/14.2.1/thumb/v7-m/nofp/libgcc.a

.ARM.attributes
                0x00000000       0x29
 .ARM.attributes
                0x00000000       0x1d /Users/fabiohuwyler/Library/Application Support/Pebble SDK/SDKs/4.17/toolchain/arm-none-eabi/bin/../lib/gcc/arm-none-eabi/14.2.1/thumb/v7-m/nofp/crti.o
 .ARM.attributes
                0x0000001d       0x2d /Users/fabiohuwyler/Library/Application Support/Pebble SDK/SDKs/4.17/toolchain/arm-none-eabi/bin/../lib/gcc/arm-none-eabi/14.2.1/thumb/v7-m/nofp/crtbegin.o
 .ARM.attributes
                0x0000004a       0x1b /Users/fabiohuwyler/Library/Application Support/Pebble SDK/SDKs/4.17/toolchain/arm-none-eabi/bin/../lib/gcc/arm-none-eabi/14.2.1/../../../../arm-none-eabi/lib/thumb/v7-m/nofp/crt0.o
 .ARM.attributes
                0x00000065       0x2d src/c/animation.c.18.o
 .ARM.attributes
                0x00000092       0x2d src/c/detail_view.c.18.o
 .ARM.attributes
                0x000000bf       0x2d src/c/main.c.18.o
 .ARM.attributes
                0x000000ec       0x2d src/c/sync.c.18.o
 .ARM.attributes
                0x00000119       0x2d src/c/task_store.c.18.o
 .ARM.attributes
                0x00000146       0x2d src/c/ui.c.18.o
 .ARM.attributes
                0x00000173       0x2d emery/appinfo.auto.c.18.o
 .ARM.attributes
                0x000001a0       0x2d emery/src/resource_ids.auto.c.18.o
 .ARM.attributes
                0x000001cd       0x2d src/message_keys.auto.c.18.o
 .ARM.attributes
                0x000001fa       0x1b /Users/fabiohuwyler/Library/Application Support/Pebble SDK/SDKs/current/sdk-core/pebble/emery/lib/libpebble.a(tmp6fj2jormpebble.o)
 .ARM.attributes
                0x00000215       0x2d /Users/fabiohuwyler/Library/Application Support/Pebble SDK/SDKs/4.17/toolchain/arm-none-eabi/bin/../lib/gcc/arm-none-eabi/14.2.1/../../../../arm-none-eabi/lib/thumb/v7-m/nofp/libc.a(libc_a-atexit.o)
 .ARM.attributes
                0x00000242       0x2d /Users/fabiohuwyler/Library/Application Support/Pebble SDK/SDKs/4.17/toolchain/arm-none-eabi/bin/../lib/gcc/arm-none-eabi/14.2.1/../../../../arm-none-eabi/lib/thumb/v7-m/nofp/libc.a(libc_a-exit.o)
 .ARM.attributes
                0x0000026f       0x2d /Users/fabiohuwyler/Library/Application Support/Pebble SDK/SDKs/4.17/toolchain/arm-none-eabi/bin/../lib/gcc/arm-none-eabi/14.2.1/../../../../arm-none-eabi/lib/thumb/v7-m/nofp/libc.a(libc_a-findfp.o)
 .ARM.attributes
                0x0000029c       0x2d /Users/fabiohuwyler/Library/Application Support/Pebble SDK/SDKs/4.17/toolchain/arm-none-eabi/bin/../lib/gcc/arm-none-eabi/14.2.1/../../../../arm-none-eabi/lib/thumb/v7-m/nofp/libc.a(libc_a-impure.o)
 .ARM.attributes
                0x000002c9       0x2d /Users/fabiohuwyler/Library/Application Support/Pebble SDK/SDKs/4.17/toolchain/arm-none-eabi/bin/../lib/gcc/arm-none-eabi/14.2.1/../../../../arm-none-eabi/lib/thumb/v7-m/nofp/libc.a(libc_a-init.o)
 .ARM.attributes
                0x000002f6       0x2d /Users/fabiohuwyler/Library/Application Support/Pebble SDK/SDKs/4.17/toolchain/arm-none-eabi/bin/../lib/gcc/arm-none-eabi/14.2.1/../../../../arm-none-eabi/lib/thumb/v7-m/nofp/libc.a(libc_a-fini.o)
 .ARM.attributes
                0x00000323       0x2d /Users/fabiohuwyler/Library/Application Support/Pebble SDK/SDKs/4.17/toolchain/arm-none-eabi/bin/../lib/gcc/arm-none-eabi/14.2.1/../../../../arm-none-eabi/lib/thumb/v7-m/nofp/libc.a(libc_a-lock.o)
 .ARM.attributes
                0x00000350       0x2d /Users/fabiohuwyler/Library/Application Support/Pebble SDK/SDKs/4.17/toolchain/arm-none-eabi/bin/../lib/gcc/arm-none-eabi/14.2.1/../../../../arm-none-eabi/lib/thumb/v7-m/nofp/libc.a(libc_a-__atexit.o)
 .ARM.attributes
                0x0000037d       0x2d /Users/fabiohuwyler/Library/Application Support/Pebble SDK/SDKs/4.17/toolchain/arm-none-eabi/bin/../lib/gcc/arm-none-eabi/14.2.1/../../../../arm-none-eabi/lib/thumb/v7-m/nofp/libc.a(libc_a-__call_atexit.o)
 .ARM.attributes
                0x000003aa       0x2d /Users/fabiohuwyler/Library/Application Support/Pebble SDK/SDKs/4.17/toolchain/arm-none-eabi/bin/../lib/gcc/arm-none-eabi/14.2.1/../../../../arm-none-eabi/lib/thumb/v7-m/nofp/libc.a(libc_a-mallocr.o)
 .ARM.attributes
                0x000003d7       0x2d /Users/fabiohuwyler/Library/Application Support/Pebble SDK/SDKs/4.17/toolchain/arm-none-eabi/bin/../lib/gcc/arm-none-eabi/14.2.1/../../../../arm-none-eabi/lib/thumb/v7-m/nofp/libc.a(libc_a-mlock.o)
 .ARM.attributes
                0x00000404       0x2d /Users/fabiohuwyler/Library/Application Support/Pebble SDK/SDKs/4.17/toolchain/arm-none-eabi/bin/../lib/gcc/arm-none-eabi/14.2.1/../../../../arm-none-eabi/lib/thumb/v7-m/nofp/libc.a(libc_a-fwalk.o)
 .ARM.attributes
                0x00000431       0x2d /Users/fabiohuwyler/Library/Application Support/Pebble SDK/SDKs/4.17/toolchain/arm-none-eabi/bin/../lib/gcc/arm-none-eabi/14.2.1/../../../../arm-none-eabi/lib/thumb/v7-m/nofp/libc.a(libc_a-fclose.o)
 .ARM.attributes
                0x0000045e       0x2d /Users/fabiohuwyler/Library/Application Support/Pebble SDK/SDKs/4.17/toolchain/arm-none-eabi/bin/../lib/gcc/arm-none-eabi/14.2.1/../../../../arm-none-eabi/lib/thumb/v7-m/nofp/libc.a(libc_a-fflush.o)
 .ARM.attributes
                0x0000048b       0x2d /Users/fabiohuwyler/Library/Application Support/Pebble SDK/SDKs/4.17/toolchain/arm-none-eabi/bin/../lib/gcc/arm-none-eabi/14.2.1/../../../../arm-none-eabi/lib/thumb/v7-m/nofp/libc.a(libc_a-stdio.o)
 .ARM.attributes
                0x000004b8       0x2d /Users/fabiohuwyler/Library/Application Support/Pebble SDK/SDKs/4.17/toolchain/arm-none-eabi/bin/../lib/gcc/arm-none-eabi/14.2.1/../../../../arm-none-eabi/lib/thumb/v7-m/nofp/libc.a(libc_a-closer.o)
 .ARM.attributes
                0x000004e5       0x2d /Users/fabiohuwyler/Library/Application Support/Pebble SDK/SDKs/4.17/toolchain/arm-none-eabi/bin/../lib/gcc/arm-none-eabi/14.2.1/../../../../arm-none-eabi/lib/thumb/v7-m/nofp/libc.a(libc_a-reent.o)
 .ARM.attributes
                0x00000512       0x2d /Users/fabiohuwyler/Library/Application Support/Pebble SDK/SDKs/4.17/toolchain/arm-none-eabi/bin/../lib/gcc/arm-none-eabi/14.2.1/../../../../arm-none-eabi/lib/thumb/v7-m/nofp/libc.a(libc_a-lseekr.o)
 .ARM.attributes
                0x0000053f       0x2d /Users/fabiohuwyler/Library/Application Support/Pebble SDK/SDKs/4.17/toolchain/arm-none-eabi/bin/../lib/gcc/arm-none-eabi/14.2.1/../../../../arm-none-eabi/lib/thumb/v7-m/nofp/libc.a(libc_a-readr.o)
 .ARM.attributes
                0x0000056c       0x2d /Users/fabiohuwyler/Library/Application Support/Pebble SDK/SDKs/4.17/toolchain/arm-none-eabi/bin/../lib/gcc/arm-none-eabi/14.2.1/../../../../arm-none-eabi/lib/thumb/v7-m/nofp/libc.a(libc_a-sbrkr.o)
 .ARM.attributes
                0x00000599       0x2d /Users/fabiohuwyler/Library/Application Support/Pebble SDK/SDKs/4.17/toolchain/arm-none-eabi/bin/../lib/gcc/arm-none-eabi/14.2.1/../../../../arm-none-eabi/lib/thumb/v7-m/nofp/libc.a(libc_a-writer.o)
 .ARM.attributes
                0x000005c6       0x2d /Users/fabiohuwyler/Library/Application Support/Pebble SDK/SDKs/4.17/toolchain/arm-none-eabi/bin/../lib/gcc/arm-none-eabi/14.2.1/../../../../arm-none-eabi/lib/thumb/v7-m/nofp/libc.a(libc_a-sysconf.o)
 .ARM.attributes
                0x000005f3       0x2d /Users/fabiohuwyler/Library/Application Support/Pebble SDK/SDKs/4.17/toolchain/arm-none-eabi/bin/../lib/gcc/arm-none-eabi/14.2.1/../../../../arm-none-eabi/lib/thumb/v7-m/nofp/libc.a(libc_a-freer.o)
 .ARM.attributes
                0x00000620       0x2d /Users/fabiohuwyler/Library/Application Support/Pebble SDK/SDKs/4.17/toolchain/arm-none-eabi/bin/../lib/gcc/arm-none-eabi/14.2.1/../../../../arm-none-eabi/lib/thumb/v7-m/nofp/libc.a(libc_a-errno.o)
 .ARM.attributes
                0x0000064d       0x2d /Users/fabiohuwyler/Library/Application Support/Pebble SDK/SDKs/4.17/toolchain/arm-none-eabi/bin/../lib/gcc/arm-none-eabi/14.2.1/thumb/v7-m/nofp/crtend.o
 .ARM.attributes
                0x0000067a       0x1d /Users/fabiohuwyler/Library/Application Support/Pebble SDK/SDKs/4.17/toolchain/arm-none-eabi/bin/../lib/gcc/arm-none-eabi/14.2.1/thumb/v7-m/nofp/crtn.o

.comment        0x00000000       0x38
 .comment       0x00000000       0x38 /Users/fabiohuwyler/Library/Application Support/Pebble SDK/SDKs/4.17/toolchain/arm-none-eabi/bin/../lib/gcc/arm-none-eabi/14.2.1/thumb/v7-m/nofp/crtbegin.o
                                 0x39 (size before relaxing)
 .comment       0x00000038       0x39 src/c/animation.c.18.o
 .comment       0x00000038       0x39 src/c/detail_view.c.18.o
 .comment       0x00000038       0x39 src/c/main.c.18.o
 .comment       0x00000038       0x39 src/c/sync.c.18.o
 .comment       0x00000038       0x39 src/c/task_store.c.18.o
 .comment       0x00000038       0x39 src/c/ui.c.18.o
 .comment       0x00000038       0x39 emery/appinfo.auto.c.18.o
 .comment       0x00000038       0x39 emery/src/resource_ids.auto.c.18.o
 .comment       0x00000038       0x39 src/message_keys.auto.c.18.o
 .comment       0x00000038       0x39 /Users/fabiohuwyler/Library/Application Support/Pebble SDK/SDKs/4.17/toolchain/arm-none-eabi/bin/../lib/gcc/arm-none-eabi/14.2.1/../../../../arm-none-eabi/lib/thumb/v7-m/nofp/libc.a(libc_a-atexit.o)
 .comment       0x00000038       0x39 /Users/fabiohuwyler/Library/Application Support/Pebble SDK/SDKs/4.17/toolchain/arm-none-eabi/bin/../lib/gcc/arm-none-eabi/14.2.1/../../../../arm-none-eabi/lib/thumb/v7-m/nofp/libc.a(libc_a-exit.o)
 .comment       0x00000038       0x39 /Users/fabiohuwyler/Library/Application Support/Pebble SDK/SDKs/4.17/toolchain/arm-none-eabi/bin/../lib/gcc/arm-none-eabi/14.2.1/../../../../arm-none-eabi/lib/thumb/v7-m/nofp/libc.a(libc_a-findfp.o)
 .comment       0x00000038       0x39 /Users/fabiohuwyler/Library/Application Support/Pebble SDK/SDKs/4.17/toolchain/arm-none-eabi/bin/../lib/gcc/arm-none-eabi/14.2.1/../../../../arm-none-eabi/lib/thumb/v7-m/nofp/libc.a(libc_a-impure.o)
 .comment       0x00000038       0x39 /Users/fabiohuwyler/Library/Application Support/Pebble SDK/SDKs/4.17/toolchain/arm-none-eabi/bin/../lib/gcc/arm-none-eabi/14.2.1/../../../../arm-none-eabi/lib/thumb/v7-m/nofp/libc.a(libc_a-init.o)
 .comment       0x00000038       0x39 /Users/fabiohuwyler/Library/Application Support/Pebble SDK/SDKs/4.17/toolchain/arm-none-eabi/bin/../lib/gcc/arm-none-eabi/14.2.1/../../../../arm-none-eabi/lib/thumb/v7-m/nofp/libc.a(libc_a-fini.o)
 .comment       0x00000038       0x39 /Users/fabiohuwyler/Library/Application Support/Pebble SDK/SDKs/4.17/toolchain/arm-none-eabi/bin/../lib/gcc/arm-none-eabi/14.2.1/../../../../arm-none-eabi/lib/thumb/v7-m/nofp/libc.a(libc_a-lock.o)
 .comment       0x00000038       0x39 /Users/fabiohuwyler/Library/Application Support/Pebble SDK/SDKs/4.17/toolchain/arm-none-eabi/bin/../lib/gcc/arm-none-eabi/14.2.1/../../../../arm-none-eabi/lib/thumb/v7-m/nofp/libc.a(libc_a-__atexit.o)
 .comment       0x00000038       0x39 /Users/fabiohuwyler/Library/Application Support/Pebble SDK/SDKs/4.17/toolchain/arm-none-eabi/bin/../lib/gcc/arm-none-eabi/14.2.1/../../../../arm-none-eabi/lib/thumb/v7-m/nofp/libc.a(libc_a-__call_atexit.o)
 .comment       0x00000038       0x39 /Users/fabiohuwyler/Library/Application Support/Pebble SDK/SDKs/4.17/toolchain/arm-none-eabi/bin/../lib/gcc/arm-none-eabi/14.2.1/../../../../arm-none-eabi/lib/thumb/v7-m/nofp/libc.a(libc_a-mallocr.o)
 .comment       0x00000038       0x39 /Users/fabiohuwyler/Library/Application Support/Pebble SDK/SDKs/4.17/toolchain/arm-none-eabi/bin/../lib/gcc/arm-none-eabi/14.2.1/../../../../arm-none-eabi/lib/thumb/v7-m/nofp/libc.a(libc_a-mlock.o)
 .comment       0x00000038       0x39 /Users/fabiohuwyler/Library/Application Support/Pebble SDK/SDKs/4.17/toolchain/arm-none-eabi/bin/../lib/gcc/arm-none-eabi/14.2.1/../../../../arm-none-eabi/lib/thumb/v7-m/nofp/libc.a(libc_a-fwalk.o)
 .comment       0x00000038       0x39 /Users/fabiohuwyler/Library/Application Support/Pebble SDK/SDKs/4.17/toolchain/arm-none-eabi/bin/../lib/gcc/arm-none-eabi/14.2.1/../../../../arm-none-eabi/lib/thumb/v7-m/nofp/libc.a(libc_a-fclose.o)
 .comment       0x00000038       0x39 /Users/fabiohuwyler/Library/Application Support/Pebble SDK/SDKs/4.17/toolchain/arm-none-eabi/bin/../lib/gcc/arm-none-eabi/14.2.1/../../../../arm-none-eabi/lib/thumb/v7-m/nofp/libc.a(libc_a-fflush.o)
 .comment       0x00000038       0x39 /Users/fabiohuwyler/Library/Application Support/Pebble SDK/SDKs/4.17/toolchain/arm-none-eabi/bin/../lib/gcc/arm-none-eabi/14.2.1/../../../../arm-none-eabi/lib/thumb/v7-m/nofp/libc.a(libc_a-stdio.o)
 .comment       0x00000038       0x39 /Users/fabiohuwyler/Library/Application Support/Pebble SDK/SDKs/4.17/toolchain/arm-none-eabi/bin/../lib/gcc/arm-none-eabi/14.2.1/../../../../arm-none-eabi/lib/thumb/v7-m/nofp/libc.a(libc_a-closer.o)
 .comment       0x00000038       0x39 /Users/fabiohuwyler/Library/Application Support/Pebble SDK/SDKs/4.17/toolchain/arm-none-eabi/bin/../lib/gcc/arm-none-eabi/14.2.1/../../../../arm-none-eabi/lib/thumb/v7-m/nofp/libc.a(libc_a-reent.o)
 .comment       0x00000038       0x39 /Users/fabiohuwyler/Library/Application Support/Pebble SDK/SDKs/4.17/toolchain/arm-none-eabi/bin/../lib/gcc/arm-none-eabi/14.2.1/../../../../arm-none-eabi/lib/thumb/v7-m/nofp/libc.a(libc_a-lseekr.o)
 .comment       0x00000038       0x39 /Users/fabiohuwyler/Library/Application Support/Pebble SDK/SDKs/4.17/toolchain/arm-none-eabi/bin/../lib/gcc/arm-none-eabi/14.2.1/../../../../arm-none-eabi/lib/thumb/v7-m/nofp/libc.a(libc_a-readr.o)
 .comment       0x00000038       0x39 /Users/fabiohuwyler/Library/Application Support/Pebble SDK/SDKs/4.17/toolchain/arm-none-eabi/bin/../lib/gcc/arm-none-eabi/14.2.1/../../../../arm-none-eabi/lib/thumb/v7-m/nofp/libc.a(libc_a-sbrkr.o)
 .comment       0x00000038       0x39 /Users/fabiohuwyler/Library/Application Support/Pebble SDK/SDKs/4.17/toolchain/arm-none-eabi/bin/../lib/gcc/arm-none-eabi/14.2.1/../../../../arm-none-eabi/lib/thumb/v7-m/nofp/libc.a(libc_a-writer.o)
 .comment       0x00000038       0x39 /Users/fabiohuwyler/Library/Application Support/Pebble SDK/SDKs/4.17/toolchain/arm-none-eabi/bin/../lib/gcc/arm-none-eabi/14.2.1/../../../../arm-none-eabi/lib/thumb/v7-m/nofp/libc.a(libc_a-sysconf.o)
 .comment       0x00000038       0x39 /Users/fabiohuwyler/Library/Application Support/Pebble SDK/SDKs/4.17/toolchain/arm-none-eabi/bin/../lib/gcc/arm-none-eabi/14.2.1/../../../../arm-none-eabi/lib/thumb/v7-m/nofp/libc.a(libc_a-freer.o)
 .comment       0x00000038       0x39 /Users/fabiohuwyler/Library/Application Support/Pebble SDK/SDKs/4.17/toolchain/arm-none-eabi/bin/../lib/gcc/arm-none-eabi/14.2.1/../../../../arm-none-eabi/lib/thumb/v7-m/nofp/libc.a(libc_a-errno.o)
 .comment       0x00000038       0x39 /Users/fabiohuwyler/Library/Application Support/Pebble SDK/SDKs/4.17/toolchain/arm-none-eabi/bin/../lib/gcc/arm-none-eabi/14.2.1/thumb/v7-m/nofp/crtend.o

.debug_info     0x00000000     0x4865
 .debug_info    0x00000000      0x390 src/c/animation.c.18.o
 .debug_info    0x00000390      0xfc5 src/c/detail_view.c.18.o
 .debug_info    0x00001355      0x13b src/c/main.c.18.o
 .debug_info    0x00001490      0x98f src/c/sync.c.18.o
 .debug_info    0x00001e1f      0x71c src/c/task_store.c.18.o
 .debug_info    0x0000253b     0x1e3a src/c/ui.c.18.o
 .debug_info    0x00004375      0x33e emery/appinfo.auto.c.18.o
 .debug_info    0x000046b3       0x65 emery/src/resource_ids.auto.c.18.o
 .debug_info    0x00004718      0x14d src/message_keys.auto.c.18.o

.debug_abbrev   0x00000000     0x1111
 .debug_abbrev  0x00000000      0x1b0 src/c/animation.c.18.o
 .debug_abbrev  0x000001b0      0x324 src/c/detail_view.c.18.o
 .debug_abbrev  0x000004d4       0x75 src/c/main.c.18.o
 .debug_abbrev  0x00000549      0x28e src/c/sync.c.18.o
 .debug_abbrev  0x000007d7      0x2c2 src/c/task_store.c.18.o
 .debug_abbrev  0x00000a99      0x54f src/c/ui.c.18.o
 .debug_abbrev  0x00000fe8       0xb9 emery/appinfo.auto.c.18.o
 .debug_abbrev  0x000010a1       0x26 emery/src/resource_ids.auto.c.18.o
 .debug_abbrev  0x000010c7       0x4a src/message_keys.auto.c.18.o

.debug_loclists
                0x00000000     0x101d
 .debug_loclists
                0x00000000       0xca src/c/animation.c.18.o
 .debug_loclists
                0x000000ca      0x23e src/c/detail_view.c.18.o
 .debug_loclists
                0x00000308      0x1b2 src/c/sync.c.18.o
 .debug_loclists
                0x000004ba      0x360 src/c/task_store.c.18.o
 .debug_loclists
                0x0000081a      0x803 src/c/ui.c.18.o

.debug_aranges  0x00000000      0x2d0
 .debug_aranges
                0x00000000       0x40 src/c/animation.c.18.o
 .debug_aranges
                0x00000040       0x70 src/c/detail_view.c.18.o
 .debug_aranges
                0x000000b0       0x20 src/c/main.c.18.o
 .debug_aranges
                0x000000d0       0x50 src/c/sync.c.18.o
 .debug_aranges
                0x00000120       0x88 src/c/task_store.c.18.o
 .debug_aranges
                0x000001a8       0xe0 src/c/ui.c.18.o
 .debug_aranges
                0x00000288       0x18 emery/appinfo.auto.c.18.o
 .debug_aranges
                0x000002a0       0x18 emery/src/resource_ids.auto.c.18.o
 .debug_aranges
                0x000002b8       0x18 src/message_keys.auto.c.18.o

.debug_rnglists
                0x00000000      0x250
 .debug_rnglists
                0x00000000       0x2c src/c/animation.c.18.o
 .debug_rnglists
                0x0000002c       0x51 src/c/detail_view.c.18.o
 .debug_rnglists
                0x0000007d       0x13 src/c/main.c.18.o
 .debug_rnglists
                0x00000090       0x38 src/c/sync.c.18.o
 .debug_rnglists
                0x000000c8       0x8c src/c/task_store.c.18.o
 .debug_rnglists
                0x00000154       0xfc src/c/ui.c.18.o

.debug_line     0x00000000     0x2414
 .debug_line    0x00000000      0x39c src/c/animation.c.18.o
 .debug_line    0x0000039c      0x62f src/c/detail_view.c.18.o
 .debug_line    0x000009cb       0xf2 src/c/main.c.18.o
 .debug_line    0x00000abd      0x406 src/c/sync.c.18.o
 .debug_line    0x00000ec3      0x4dd src/c/task_store.c.18.o
 .debug_line    0x000013a0      0xd2f src/c/ui.c.18.o
 .debug_line    0x000020cf      0x1bc emery/appinfo.auto.c.18.o
 .debug_line    0x0000228b       0x3e emery/src/resource_ids.auto.c.18.o
 .debug_line    0x000022c9      0x14b src/message_keys.auto.c.18.o

.debug_str      0x00000000     0x1b28
 .debug_str     0x00000000     0x1b28 src/c/animation.c.18.o
                                0x2c7 (size before relaxing)
 .debug_str     0x00001b28      0xa7a src/c/detail_view.c.18.o
 .debug_str     0x00001b28      0x1f6 src/c/main.c.18.o
 .debug_str     0x00001b28      0x82f src/c/sync.c.18.o
 .debug_str     0x00001b28      0x3d6 src/c/task_store.c.18.o
 .debug_str     0x00001b28      0xda4 src/c/ui.c.18.o
 .debug_str     0x00001b28      0x4cf emery/appinfo.auto.c.18.o
 .debug_str     0x00001b28      0x163 emery/src/resource_ids.auto.c.18.o
 .debug_str     0x00001b28      0x2a7 src/message_keys.auto.c.18.o

.debug_frame    0x00000000      0x750
 .debug_frame   0x00000000       0xa0 src/c/animation.c.18.o
 .debug_frame   0x000000a0      0x164 src/c/detail_view.c.18.o
 .debug_frame   0x00000204       0x28 src/c/main.c.18.o
 .debug_frame   0x0000022c       0xc8 src/c/sync.c.18.o
 .debug_frame   0x000002f4      0x13c src/c/task_store.c.18.o
 .debug_frame   0x00000430      0x320 src/c/ui.c.18.o
